../Core/Src/main.c:85:5:main	8	static
../Core/Src/main.c:134:6:SystemClock_Config	88	static
../Core/Src/main.c:180:13:MX_ETH_Init	8	static
../Core/Src/main.c:229:13:MX_TIM2_Init	32	static
../Core/Src/main.c:274:13:MX_TIM3_Init	56	static
../Core/Src/main.c:323:13:MX_TIM4_Init	56	static
../Core/Src/main.c:372:13:MX_USART3_UART_Init	8	static
../Core/Src/main.c:405:13:MX_USB_OTG_FS_PCD_Init	8	static
../Core/Src/main.c:440:13:MX_GPIO_Init	56	static
../Core/Src/main.c:491:6:HAL_TIM_PeriodElapsedCallback	16	static
../Core/Src/main.c:504:6:Error_Handler	4	static,ignoring_inline_asm
